==================== 2026-04-22 19:06:56.062950 | 019db696-98ba-7cb3-9514-ab9d7e6e17fc ====================
Installing dbt project and profile setup
19:06:56.069913 [info ]: Info Created .vscode/extensions.json with dbt extension recommendation
19:06:56.070030 [info ]: Success Project created successfully!
19:06:56.070082 [info ]: Info Project name: jaffle_shop
19:06:56.070115 [info ]: Info Project directory: jaffle_shop
19:06:56.070190 [info ]: Validating profile inputs, adapters, and connection

dbt-fusion 2.0.0-preview.65
   Loading ~/.dbt/profiles.yml
19:06:56.285511 [error]: dbt1001: Profile 'jaffle_shop' not found in profiles.yml
19:06:56.758661 [info ]: 
==================== Execution Summary =====================
Finished 'init' with 1 error [695ms]
{"data":{"log_version":3,"version":"=2.0.0-preview.173"},"info":{"category":"","code":"A001","extra":{},"invocation_id":"019db69f-be9a-7861-84a8-a7d8bb948366","level":"info","msg":"Running with dbt-fusion=2.0.0-preview.173","name":"MainReportVersion","pid":6911,"thread":"tokio-rt-worker","ts":"2026-04-22T19:16:55.585034Z"}}
{"data":{"args":{"debug":"false","invocation_command":"/home/lucas/.local/bin/dbt license info --json --log-format json","log_format":"json","quiet":"false","write_json":"true"}},"info":{"category":"","code":"A002","extra":{},"invocation_id":"019db69f-be9a-7861-84a8-a7d8bb948366","level":"debug","msg":"running dbt-fusion with argumets {\"command\":\"license\",\"vars\":\"{}\",\"limit\":\"10\",\"debug\":false,\"log_format\":\"json\",\"quiet\":false,\"write_json\":true,\"write_catalog\":false}","name":"MainReportArgs","pid":6911,"thread":"tokio-rt-worker","ts":"2026-04-22T19:16:55.585076Z"}}
{"data":{},"info":{"category":"","code":"","extra":{},"invocation_id":"019db69f-be9a-7861-84a8-a7d8bb948366","level":"debug","msg":"Requesting license from https://ak577.us1.dbt.com/api/private/accounts/70471823429098/feature-licenses/ with 1 key IDs: [\"fusion-prod-2025-11-20\"]","name":"Generic","pid":6911,"thread":"tokio-rt-worker","ts":"2026-04-22T19:16:55.958374Z"}}
{"data":{},"info":{"category":"","code":"","extra":{},"invocation_id":"019db69f-be9a-7861-84a8-a7d8bb948366","level":"debug","msg":"License successfully retrieved from remote","name":"Generic","pid":6911,"thread":"tokio-rt-worker","ts":"2026-04-22T19:16:56.500934Z"}}
{"data":{},"info":{"category":"","code":"","extra":{},"invocation_id":"019db69f-be9a-7861-84a8-a7d8bb948366","level":"info","msg":"License loaded from remote server ak577.us1.dbt.com","name":"Generic","pid":6911,"thread":"tokio-rt-worker","ts":"2026-04-22T19:16:56.501275Z"}}
{"data":{},"info":{"category":"","code":"","extra":{},"invocation_id":"019db69f-be9a-7861-84a8-a7d8bb948366","level":"debug","msg":"Failed to cache to file: File cache error: Failed to write license file: Permission denied (os error 13), trying next target","name":"Generic","pid":6911,"thread":"tokio-rt-worker","ts":"2026-04-22T19:16:56.501384Z"}}
{"data":{},"info":{"category":"","code":"","extra":{},"invocation_id":"019db69f-be9a-7861-84a8-a7d8bb948366","level":"warn","msg":"warning: dbt1068: Failed to cache license: File cache error: Failed to write license file: Permission denied (os error 13)","name":"Generic","pid":6911,"thread":"tokio-rt-worker","ts":"2026-04-22T19:16:56.501429Z"}}
{"data":{"columns":[],"is_inline":true,"node_name":"license_info","output_format":"json","preview":"{\n  \"status\": \"valid\",\n  \"licensing_enabled\": true,\n  \"features\": []\n}","unique_id":"license.info"},"info":{"category":"","code":"Q041","extra":{},"invocation_id":"019db69f-be9a-7861-84a8-a7d8bb948366","level":"info","msg":"{\n  \"status\": \"valid\",\n  \"licensing_enabled\": true,\n  \"features\": []\n}","name":"ShowNode","pid":6911,"thread":"tokio-rt-worker","ts":"2026-04-22T19:16:56.501460Z"}}
{"data":{"completed_at":"2026-04-22T19:16:56.681466Z","elapsed":1.0965993404388428,"success":true},"info":{"category":"","code":"Q039","extra":{},"invocation_id":"019db69f-be9a-7861-84a8-a7d8bb948366","level":"info","msg":"\n==================== Execution Summary =====================\nFinished 'license' with 1 warning [1.1s]","name":"CommandCompleted","pid":6911,"thread":"tokio-rt-worker","ts":"2026-04-22T19:16:56.681582Z"}}
{"data":{"log_version":3,"version":"=2.0.0-preview.173"},"info":{"category":"","code":"A001","extra":{},"invocation_id":"019db6a2-08a0-7d32-aa69-b6f3cbb7533d","level":"info","msg":"Running with dbt-fusion=2.0.0-preview.173","name":"MainReportVersion","pid":7660,"thread":"tokio-rt-worker","ts":"2026-04-22T19:19:25.661969Z"}}
{"data":{"args":{"debug":"false","invocation_command":"/home/lucas/.local/bin/dbt license info --json --log-format json","log_format":"json","quiet":"false","write_json":"true"}},"info":{"category":"","code":"A002","extra":{},"invocation_id":"019db6a2-08a0-7d32-aa69-b6f3cbb7533d","level":"debug","msg":"running dbt-fusion with argumets {\"command\":\"license\",\"vars\":\"{}\",\"limit\":\"10\",\"debug\":false,\"log_format\":\"json\",\"quiet\":false,\"write_json\":true,\"write_catalog\":false}","name":"MainReportArgs","pid":7660,"thread":"tokio-rt-worker","ts":"2026-04-22T19:19:25.662016Z"}}
{"data":{},"info":{"category":"","code":"","extra":{},"invocation_id":"019db6a2-08a0-7d32-aa69-b6f3cbb7533d","level":"debug","msg":"Requesting license from https://ak577.us1.dbt.com/api/private/accounts/70471823429098/feature-licenses/ with 1 key IDs: [\"fusion-prod-2025-11-20\"]","name":"Generic","pid":7660,"thread":"tokio-rt-worker","ts":"2026-04-22T19:19:25.701368Z"}}
{"data":{},"info":{"category":"","code":"","extra":{},"invocation_id":"019db6a2-08a0-7d32-aa69-b6f3cbb7533d","level":"debug","msg":"License successfully retrieved from remote","name":"Generic","pid":7660,"thread":"tokio-rt-worker","ts":"2026-04-22T19:19:26.280265Z"}}
{"data":{},"info":{"category":"","code":"","extra":{},"invocation_id":"019db6a2-08a0-7d32-aa69-b6f3cbb7533d","level":"info","msg":"License loaded from remote server ak577.us1.dbt.com","name":"Generic","pid":7660,"thread":"tokio-rt-worker","ts":"2026-04-22T19:19:26.285866Z"}}
{"data":{},"info":{"category":"","code":"","extra":{},"invocation_id":"019db6a2-08a0-7d32-aa69-b6f3cbb7533d","level":"debug","msg":"Failed to cache to file: File cache error: Failed to write license file: Permission denied (os error 13), trying next target","name":"Generic","pid":7660,"thread":"tokio-rt-worker","ts":"2026-04-22T19:19:26.285937Z"}}
{"data":{},"info":{"category":"","code":"","extra":{},"invocation_id":"019db6a2-08a0-7d32-aa69-b6f3cbb7533d","level":"warn","msg":"warning: dbt1068: Failed to cache license: File cache error: Failed to write license file: Permission denied (os error 13)","name":"Generic","pid":7660,"thread":"tokio-rt-worker","ts":"2026-04-22T19:19:26.287790Z"}}
{"data":{"columns":[],"is_inline":true,"node_name":"license_info","output_format":"json","preview":"{\n  \"status\": \"valid\",\n  \"licensing_enabled\": true,\n  \"features\": []\n}","unique_id":"license.info"},"info":{"category":"","code":"Q041","extra":{},"invocation_id":"019db6a2-08a0-7d32-aa69-b6f3cbb7533d","level":"info","msg":"{\n  \"status\": \"valid\",\n  \"licensing_enabled\": true,\n  \"features\": []\n}","name":"ShowNode","pid":7660,"thread":"tokio-rt-worker","ts":"2026-04-22T19:19:26.287852Z"}}
{"data":{"completed_at":"2026-04-22T19:19:26.526334Z","elapsed":0.8721354603767395,"success":true},"info":{"category":"","code":"Q039","extra":{},"invocation_id":"019db6a2-08a0-7d32-aa69-b6f3cbb7533d","level":"info","msg":"\n==================== Execution Summary =====================\nFinished 'license' with 1 warning [872ms]","name":"CommandCompleted","pid":7660,"thread":"tokio-rt-worker","ts":"2026-04-22T19:19:26.527255Z"}}
{"data":{"log_version":3,"version":"=2.0.0-preview.173"},"info":{"category":"","code":"A001","extra":{},"invocation_id":"019db763-1b05-7a52-8b7c-93c1be30a2f6","level":"info","msg":"Running with dbt-fusion=2.0.0-preview.173","name":"MainReportVersion","pid":613,"thread":"tokio-rt-worker","ts":"2026-04-22T22:50:18.817024Z"}}
{"data":{"args":{"debug":"false","invocation_command":"/home/lucas/.local/bin/dbt license info --json --log-format json","log_format":"json","quiet":"false","write_json":"true"}},"info":{"category":"","code":"A002","extra":{},"invocation_id":"019db763-1b05-7a52-8b7c-93c1be30a2f6","level":"debug","msg":"running dbt-fusion with argumets {\"command\":\"license\",\"vars\":\"{}\",\"limit\":\"10\",\"debug\":false,\"log_format\":\"json\",\"quiet\":false,\"write_json\":true,\"write_catalog\":false}","name":"MainReportArgs","pid":613,"thread":"tokio-rt-worker","ts":"2026-04-22T22:50:18.817064Z"}}
{"data":{},"info":{"category":"","code":"","extra":{},"invocation_id":"019db763-1b05-7a52-8b7c-93c1be30a2f6","level":"debug","msg":"Requesting license from https://ak577.us1.dbt.com/api/private/accounts/70471823429098/feature-licenses/ with 1 key IDs: [\"fusion-prod-2025-11-20\"]","name":"Generic","pid":613,"thread":"tokio-rt-worker","ts":"2026-04-22T22:50:18.857704Z"}}
{"data":{},"info":{"category":"","code":"","extra":{},"invocation_id":"019db763-1b05-7a52-8b7c-93c1be30a2f6","level":"debug","msg":"License successfully retrieved from remote","name":"Generic","pid":613,"thread":"tokio-rt-worker","ts":"2026-04-22T22:52:29.741964Z"}}
{"data":{},"info":{"category":"","code":"","extra":{},"invocation_id":"019db763-1b05-7a52-8b7c-93c1be30a2f6","level":"info","msg":"License loaded from remote server ak577.us1.dbt.com","name":"Generic","pid":613,"thread":"tokio-rt-worker","ts":"2026-04-22T22:52:29.747568Z"}}
{"data":{},"info":{"category":"","code":"","extra":{},"invocation_id":"019db763-1b05-7a52-8b7c-93c1be30a2f6","level":"debug","msg":"Failed to cache to file: File cache error: Failed to write license file: Permission denied (os error 13), trying next target","name":"Generic","pid":613,"thread":"tokio-rt-worker","ts":"2026-04-22T22:52:29.747649Z"}}
{"data":{},"info":{"category":"","code":"","extra":{},"invocation_id":"019db763-1b05-7a52-8b7c-93c1be30a2f6","level":"warn","msg":"warning: dbt1068: Failed to cache license: File cache error: Failed to write license file: Permission denied (os error 13)","name":"Generic","pid":613,"thread":"tokio-rt-worker","ts":"2026-04-22T22:52:29.749631Z"}}
{"data":{"columns":[],"is_inline":true,"node_name":"license_info","output_format":"json","preview":"{\n  \"status\": \"valid\",\n  \"licensing_enabled\": true,\n  \"features\": []\n}","unique_id":"license.info"},"info":{"category":"","code":"Q041","extra":{},"invocation_id":"019db763-1b05-7a52-8b7c-93c1be30a2f6","level":"info","msg":"{\n  \"status\": \"valid\",\n  \"licensing_enabled\": true,\n  \"features\": []\n}","name":"ShowNode","pid":613,"thread":"tokio-rt-worker","ts":"2026-04-22T22:52:29.749727Z"}}
{"data":{"completed_at":"2026-04-22T22:52:29.936739Z","elapsed":131.12660217285156,"success":true},"info":{"category":"","code":"Q039","extra":{},"invocation_id":"019db763-1b05-7a52-8b7c-93c1be30a2f6","level":"info","msg":"\n==================== Execution Summary =====================\nFinished 'license' with 1 warning [2m 11s]","name":"CommandCompleted","pid":613,"thread":"tokio-rt-worker","ts":"2026-04-22T22:52:29.937781Z"}}
{"data":{"log_version":3,"version":"=2.0.0-preview.173"},"info":{"category":"","code":"A001","extra":{},"invocation_id":"019dba46-df4d-7640-83aa-2aa69c78eca7","level":"info","msg":"Running with dbt-fusion=2.0.0-preview.173","name":"MainReportVersion","pid":714,"thread":"tokio-rt-worker","ts":"2026-04-23T12:18:20.193934Z"}}
{"data":{"args":{"debug":"false","invocation_command":"/home/lucas/.local/bin/dbt license info --json --log-format json","log_format":"json","quiet":"false","write_json":"true"}},"info":{"category":"","code":"A002","extra":{},"invocation_id":"019dba46-df4d-7640-83aa-2aa69c78eca7","level":"debug","msg":"running dbt-fusion with argumets {\"command\":\"license\",\"vars\":\"{}\",\"limit\":\"10\",\"debug\":false,\"log_format\":\"json\",\"quiet\":false,\"write_json\":true,\"write_catalog\":false}","name":"MainReportArgs","pid":714,"thread":"tokio-rt-worker","ts":"2026-04-23T12:18:20.193964Z"}}
{"data":{},"info":{"category":"","code":"","extra":{},"invocation_id":"019dba46-df4d-7640-83aa-2aa69c78eca7","level":"debug","msg":"Requesting license from https://ak577.us1.dbt.com/api/private/accounts/70471823429098/feature-licenses/ with 1 key IDs: [\"fusion-prod-2025-11-20\"]","name":"Generic","pid":714,"thread":"tokio-rt-worker","ts":"2026-04-23T12:18:20.239199Z"}}
{"data":{},"info":{"category":"","code":"","extra":{},"invocation_id":"019dba46-df4d-7640-83aa-2aa69c78eca7","level":"debug","msg":"License successfully retrieved from remote","name":"Generic","pid":714,"thread":"tokio-rt-worker","ts":"2026-04-23T12:18:21.725775Z"}}
{"data":{},"info":{"category":"","code":"","extra":{},"invocation_id":"019dba46-df4d-7640-83aa-2aa69c78eca7","level":"info","msg":"License loaded from remote server ak577.us1.dbt.com","name":"Generic","pid":714,"thread":"tokio-rt-worker","ts":"2026-04-23T12:18:21.732487Z"}}
{"data":{},"info":{"category":"","code":"","extra":{},"invocation_id":"019dba46-df4d-7640-83aa-2aa69c78eca7","level":"debug","msg":"Failed to cache to file: File cache error: Failed to write license file: Permission denied (os error 13), trying next target","name":"Generic","pid":714,"thread":"tokio-rt-worker","ts":"2026-04-23T12:18:21.732566Z"}}
{"data":{},"info":{"category":"","code":"","extra":{},"invocation_id":"019dba46-df4d-7640-83aa-2aa69c78eca7","level":"warn","msg":"warning: dbt1068: Failed to cache license: File cache error: Failed to write license file: Permission denied (os error 13)","name":"Generic","pid":714,"thread":"tokio-rt-worker","ts":"2026-04-23T12:18:21.734688Z"}}
{"data":{"columns":[],"is_inline":true,"node_name":"license_info","output_format":"json","preview":"{\n  \"status\": \"valid\",\n  \"licensing_enabled\": true,\n  \"features\": []\n}","unique_id":"license.info"},"info":{"category":"","code":"Q041","extra":{},"invocation_id":"019dba46-df4d-7640-83aa-2aa69c78eca7","level":"info","msg":"{\n  \"status\": \"valid\",\n  \"licensing_enabled\": true,\n  \"features\": []\n}","name":"ShowNode","pid":714,"thread":"tokio-rt-worker","ts":"2026-04-23T12:18:21.734757Z"}}
{"data":{"completed_at":"2026-04-23T12:18:21.901311Z","elapsed":1.7148747444152832,"success":true},"info":{"category":"","code":"Q039","extra":{},"invocation_id":"019dba46-df4d-7640-83aa-2aa69c78eca7","level":"info","msg":"\n==================== Execution Summary =====================\nFinished 'license' with 1 warning [1.7s]","name":"CommandCompleted","pid":714,"thread":"tokio-rt-worker","ts":"2026-04-23T12:18:21.902289Z"}}
